Archive member included to satisfy reference by file (symbol)

d:/stm32cubeide_1.5.1/stm32cubeide/plugins/com.st.stm32cube.ide.mcu.externaltools.gnu-tools-for-stm32.7-2018-q2-update.win32_1.5.0.202011040924/tools/bin/../lib/gcc/arm-none-eabi/7.3.1/../../../../arm-none-eabi/lib/thumb/v7e-m/fpv4-sp/hard\libc_nano.a(lib_a-errno.o)
                              Core/Src/syscalls.o (__errno)
d:/stm32cubeide_1.5.1/stm32cubeide/plugins/com.st.stm32cube.ide.mcu.externaltools.gnu-tools-for-stm32.7-2018-q2-update.win32_1.5.0.202011040924/tools/bin/../lib/gcc/arm-none-eabi/7.3.1/../../../../arm-none-eabi/lib/thumb/v7e-m/fpv4-sp/hard\libc_nano.a(lib_a-exit.o)
                              d:/stm32cubeide_1.5.1/stm32cubeide/plugins/com.st.stm32cube.ide.mcu.externaltools.gnu-tools-for-stm32.7-2018-q2-update.win32_1.5.0.202011040924/tools/bin/../lib/gcc/arm-none-eabi/7.3.1/../../../../arm-none-eabi/lib/thumb/v7e-m/fpv4-sp/hard/crt0.o (exit)
d:/stm32cubeide_1.5.1/stm32cubeide/plugins/com.st.stm32cube.ide.mcu.externaltools.gnu-tools-for-stm32.7-2018-q2-update.win32_1.5.0.202011040924/tools/bin/../lib/gcc/arm-none-eabi/7.3.1/../../../../arm-none-eabi/lib/thumb/v7e-m/fpv4-sp/hard\libc_nano.a(lib_a-impure.o)
                              d:/stm32cubeide_1.5.1/stm32cubeide/plugins/com.st.stm32cube.ide.mcu.externaltools.gnu-tools-for-stm32.7-2018-q2-update.win32_1.5.0.202011040924/tools/bin/../lib/gcc/arm-none-eabi/7.3.1/../../../../arm-none-eabi/lib/thumb/v7e-m/fpv4-sp/hard\libc_nano.a(lib_a-exit.o) (_global_impure_ptr)
d:/stm32cubeide_1.5.1/stm32cubeide/plugins/com.st.stm32cube.ide.mcu.externaltools.gnu-tools-for-stm32.7-2018-q2-update.win32_1.5.0.202011040924/tools/bin/../lib/gcc/arm-none-eabi/7.3.1/../../../../arm-none-eabi/lib/thumb/v7e-m/fpv4-sp/hard\libc_nano.a(lib_a-init.o)
                              d:/stm32cubeide_1.5.1/stm32cubeide/plugins/com.st.stm32cube.ide.mcu.externaltools.gnu-tools-for-stm32.7-2018-q2-update.win32_1.5.0.202011040924/tools/bin/../lib/gcc/arm-none-eabi/7.3.1/../../../../arm-none-eabi/lib/thumb/v7e-m/fpv4-sp/hard/crt0.o (__libc_init_array)
d:/stm32cubeide_1.5.1/stm32cubeide/plugins/com.st.stm32cube.ide.mcu.externaltools.gnu-tools-for-stm32.7-2018-q2-update.win32_1.5.0.202011040924/tools/bin/../lib/gcc/arm-none-eabi/7.3.1/../../../../arm-none-eabi/lib/thumb/v7e-m/fpv4-sp/hard\libc_nano.a(lib_a-memset.o)
                              d:/stm32cubeide_1.5.1/stm32cubeide/plugins/com.st.stm32cube.ide.mcu.externaltools.gnu-tools-for-stm32.7-2018-q2-update.win32_1.5.0.202011040924/tools/bin/../lib/gcc/arm-none-eabi/7.3.1/../../../../arm-none-eabi/lib/thumb/v7e-m/fpv4-sp/hard/crt0.o (memset)

Allocating common symbols
Common symbol       size              file

hadc1               0x48              Core/Src/main.o
huart2              0x40              Core/Src/main.o

Discarded input sections

 .text          0x0000000000000000        0x0 d:/stm32cubeide_1.5.1/stm32cubeide/plugins/com.st.stm32cube.ide.mcu.externaltools.gnu-tools-for-stm32.7-2018-q2-update.win32_1.5.0.202011040924/tools/bin/../lib/gcc/arm-none-eabi/7.3.1/thumb/v7e-m/fpv4-sp/hard/crti.o
 .data          0x0000000000000000        0x0 d:/stm32cubeide_1.5.1/stm32cubeide/plugins/com.st.stm32cube.ide.mcu.externaltools.gnu-tools-for-stm32.7-2018-q2-update.win32_1.5.0.202011040924/tools/bin/../lib/gcc/arm-none-eabi/7.3.1/thumb/v7e-m/fpv4-sp/hard/crti.o
 .bss           0x0000000000000000        0x0 d:/stm32cubeide_1.5.1/stm32cubeide/plugins/com.st.stm32cube.ide.mcu.externaltools.gnu-tools-for-stm32.7-2018-q2-update.win32_1.5.0.202011040924/tools/bin/../lib/gcc/arm-none-eabi/7.3.1/thumb/v7e-m/fpv4-sp/hard/crti.o
 .data          0x0000000000000000        0x4 d:/stm32cubeide_1.5.1/stm32cubeide/plugins/com.st.stm32cube.ide.mcu.externaltools.gnu-tools-for-stm32.7-2018-q2-update.win32_1.5.0.202011040924/tools/bin/../lib/gcc/arm-none-eabi/7.3.1/thumb/v7e-m/fpv4-sp/hard/crtbegin.o
 .text          0x0000000000000000       0x74 d:/stm32cubeide_1.5.1/stm32cubeide/plugins/com.st.stm32cube.ide.mcu.externaltools.gnu-tools-for-stm32.7-2018-q2-update.win32_1.5.0.202011040924/tools/bin/../lib/gcc/arm-none-eabi/7.3.1/../../../../arm-none-eabi/lib/thumb/v7e-m/fpv4-sp/hard/crt0.o
 .data          0x0000000000000000        0x0 d:/stm32cubeide_1.5.1/stm32cubeide/plugins/com.st.stm32cube.ide.mcu.externaltools.gnu-tools-for-stm32.7-2018-q2-update.win32_1.5.0.202011040924/tools/bin/../lib/gcc/arm-none-eabi/7.3.1/../../../../arm-none-eabi/lib/thumb/v7e-m/fpv4-sp/hard/crt0.o
 .bss           0x0000000000000000        0x0 d:/stm32cubeide_1.5.1/stm32cubeide/plugins/com.st.stm32cube.ide.mcu.externaltools.gnu-tools-for-stm32.7-2018-q2-update.win32_1.5.0.202011040924/tools/bin/../lib/gcc/arm-none-eabi/7.3.1/../../../../arm-none-eabi/lib/thumb/v7e-m/fpv4-sp/hard/crt0.o
 .ARM.extab     0x0000000000000000        0x0 d:/stm32cubeide_1.5.1/stm32cubeide/plugins/com.st.stm32cube.ide.mcu.externaltools.gnu-tools-for-stm32.7-2018-q2-update.win32_1.5.0.202011040924/tools/bin/../lib/gcc/arm-none-eabi/7.3.1/../../../../arm-none-eabi/lib/thumb/v7e-m/fpv4-sp/hard/crt0.o
 .ARM.exidx     0x0000000000000000        0x8 d:/stm32cubeide_1.5.1/stm32cubeide/plugins/com.st.stm32cube.ide.mcu.externaltools.gnu-tools-for-stm32.7-2018-q2-update.win32_1.5.0.202011040924/tools/bin/../lib/gcc/arm-none-eabi/7.3.1/../../../../arm-none-eabi/lib/thumb/v7e-m/fpv4-sp/hard/crt0.o
 .ARM.attributes
                0x0000000000000000       0x20 d:/stm32cubeide_1.5.1/stm32cubeide/plugins/com.st.stm32cube.ide.mcu.externaltools.gnu-tools-for-stm32.7-2018-q2-update.win32_1.5.0.202011040924/tools/bin/../lib/gcc/arm-none-eabi/7.3.1/../../../../arm-none-eabi/lib/thumb/v7e-m/fpv4-sp/hard/crt0.o
 .group         0x0000000000000000        0xc Core/Src/main.o
 .group         0x0000000000000000        0xc Core/Src/main.o
 .group         0x0000000000000000        0xc Core/Src/main.o
 .group         0x0000000000000000        0xc Core/Src/main.o
 .group         0x0000000000000000        0xc Core/Src/main.o
 .group         0x0000000000000000        0xc Core/Src/main.o
 .group         0x0000000000000000        0xc Core/Src/main.o
 .group         0x0000000000000000        0xc Core/Src/main.o
 .group         0x0000000000000000        0xc Core/Src/main.o
 .group         0x0000000000000000        0xc Core/Src/main.o
 .group         0x0000000000000000        0xc Core/Src/main.o
 .group         0x0000000000000000        0xc Core/Src/main.o
 .group         0x0000000000000000        0xc Core/Src/main.o
 .group         0x0000000000000000        0xc Core/Src/main.o
 .group         0x0000000000000000        0xc Core/Src/main.o
 .group         0x0000000000000000        0xc Core/Src/main.o
 .group         0x0000000000000000        0xc Core/Src/main.o
 .group         0x0000000000000000        0xc Core/Src/main.o
 .group         0x0000000000000000        0xc Core/Src/main.o
 .group         0x0000000000000000        0xc Core/Src/main.o
 .group         0x0000000000000000        0xc Core/Src/main.o
 .group         0x0000000000000000        0xc Core/Src/main.o
 .group         0x0000000000000000        0xc Core/Src/main.o
 .group         0x0000000000000000        0xc Core/Src/main.o
 .group         0x0000000000000000        0xc Core/Src/main.o
 .group         0x0000000000000000        0xc Core/Src/main.o
 .group         0x0000000000000000        0xc Core/Src/main.o
 .group         0x0000000000000000        0xc Core/Src/main.o
 .group         0x0000000000000000        0xc Core/Src/main.o
 .group         0x0000000000000000        0xc Core/Src/main.o
 .group         0x0000000000000000        0xc Core/Src/main.o
 .group         0x0000000000000000        0xc Core/Src/main.o
 .group         0x0000000000000000        0xc Core/Src/main.o
 .group         0x0000000000000000        0xc Core/Src/main.o
 .group         0x0000000000000000        0xc Core/Src/main.o
 .group         0x0000000000000000        0xc Core/Src/main.o
 .group         0x0000000000000000        0xc Core/Src/main.o
 .group         0x0000000000000000        0xc Core/Src/main.o
 .group         0x0000000000000000        0xc Core/Src/main.o
 .group         0x0000000000000000        0xc Core/Src/main.o
 .group         0x0000000000000000        0xc Core/Src/main.o
 .text          0x0000000000000000        0x0 Core/Src/main.o
 .data          0x0000000000000000        0x0 Core/Src/main.o
 .bss           0x0000000000000000        0x0 Core/Src/main.o
 .text.ADCPollingMethodInit
                0x0000000000000000       0x4c Core/Src/main.o
 .group         0x0000000000000000        0xc Core/Src/stm32f4xx_hal_msp.o
 .group         0x0000000000000000        0xc Core/Src/stm32f4xx_hal_msp.o
 .group         0x0000000000000000        0xc Core/Src/stm32f4xx_hal_msp.o
 .group         0x0000000000000000        0xc Core/Src/stm32f4xx_hal_msp.o
 .group         0x0000000000000000        0xc Core/Src/stm32f4xx_hal_msp.o
 .group         0x0000000000000000        0xc Core/Src/stm32f4xx_hal_msp.o
 .group         0x0000000000000000        0xc Core/Src/stm32f4xx_hal_msp.o
 .group         0x0000000000000000        0xc Core/Src/stm32f4xx_hal_msp.o
 .group         0x0000000000000000        0xc Core/Src/stm32f4xx_hal_msp.o
 .group         0x0000000000000000        0xc Core/Src/stm32f4xx_hal_msp.o
 .group         0x0000000000000000        0xc Core/Src/stm32f4xx_hal_msp.o
 .group         0x0000000000000000        0xc Core/Src/stm32f4xx_hal_msp.o
 .group         0x0000000000000000        0xc Core/Src/stm32f4xx_hal_msp.o
 .group         0x0000000000000000        0xc Core/Src/stm32f4xx_hal_msp.o
 .group         0x0000000000000000        0xc Core/Src/stm32f4xx_hal_msp.o
 .group         0x0000000000000000        0xc Core/Src/stm32f4xx_hal_msp.o
 .group         0x0000000000000000        0xc Core/Src/stm32f4xx_hal_msp.o
 .group         0x0000000000000000        0xc Core/Src/stm32f4xx_hal_msp.o
 .group         0x0000000000000000        0xc Core/Src/stm32f4xx_hal_msp.o
 .group         0x0000000000000000        0xc Core/Src/stm32f4xx_hal_msp.o
 .group         0x0000000000000000        0xc Core/Src/stm32f4xx_hal_msp.o
 .group         0x0000000000000000        0xc Core/Src/stm32f4xx_hal_msp.o
 .group         0x0000000000000000        0xc Core/Src/stm32f4xx_hal_msp.o
 .group         0x0000000000000000        0xc Core/Src/stm32f4xx_hal_msp.o
 .group         0x0000000000000000        0xc Core/Src/stm32f4xx_hal_msp.o
 .group         0x0000000000000000        0xc Core/Src/stm32f4xx_hal_msp.o
 .group         0x0000000000000000        0xc Core/Src/stm32f4xx_hal_msp.o
 .group         0x0000000000000000        0xc Core/Src/stm32f4xx_hal_msp.o
 .group         0x0000000000000000        0xc Core/Src/stm32f4xx_hal_msp.o
 .group         0x0000000000000000        0xc Core/Src/stm32f4xx_hal_msp.o
 .group         0x0000000000000000        0xc Core/Src/stm32f4xx_hal_msp.o
 .group         0x0000000000000000        0xc Core/Src/stm32f4xx_hal_msp.o
 .group         0x0000000000000000        0xc Core/Src/stm32f4xx_hal_msp.o
 .group         0x0000000000000000        0xc Core/Src/stm32f4xx_hal_msp.o
 .group         0x0000000000000000        0xc Core/Src/stm32f4xx_hal_msp.o
 .group         0x0000000000000000        0xc Core/Src/stm32f4xx_hal_msp.o
 .group         0x0000000000000000        0xc Core/Src/stm32f4xx_hal_msp.o
 .group         0x0000000000000000        0xc Core/Src/stm32f4xx_hal_msp.o
 .group         0x0000000000000000        0xc Core/Src/stm32f4xx_hal_msp.o
 .group         0x0000000000000000        0xc Core/Src/stm32f4xx_hal_msp.o
 .group         0x0000000000000000        0xc Core/Src/stm32f4xx_hal_msp.o
 .text          0x0000000000000000        0x0 Core/Src/stm32f4xx_hal_msp.o
 .data          0x0000000000000000        0x0 Core/Src/stm32f4xx_hal_msp.o
 .bss           0x0000000000000000        0x0 Core/Src/stm32f4xx_hal_msp.o
 .text.HAL_MspInit
                0x0000000000000000       0x50 Core/Src/stm32f4xx_hal_msp.o
 .text.HAL_ADC_MspInit
                0x0000000000000000       0x88 Core/Src/stm32f4xx_hal_msp.o
 .text.HAL_ADC_MspDeInit
                0x0000000000000000       0x3c Core/Src/stm32f4xx_hal_msp.o
 .text.HAL_UART_MspInit
                0x0000000000000000       0x90 Core/Src/stm32f4xx_hal_msp.o
 .text.HAL_UART_MspDeInit
                0x0000000000000000       0x3c Core/Src/stm32f4xx_hal_msp.o
 .debug_info    0x0000000000000000      0xc2c Core/Src/stm32f4xx_hal_msp.o
 .debug_abbrev  0x0000000000000000      0x18c Core/Src/stm32f4xx_hal_msp.o
 .debug_aranges
                0x0000000000000000       0x40 Core/Src/stm32f4xx_hal_msp.o
 .debug_ranges  0x0000000000000000       0x30 Core/Src/stm32f4xx_hal_msp.o
 .debug_macro   0x0000000000000000      0x1e2 Core/Src/stm32f4xx_hal_msp.o
 .debug_macro   0x0000000000000000      0xa5a Core/Src/stm32f4xx_hal_msp.o
 .debug_macro   0x0000000000000000      0x294 Core/Src/stm32f4xx_hal_msp.o
 .debug_macro   0x0000000000000000       0x2e Core/Src/stm32f4xx_hal_msp.o
 .debug_macro   0x0000000000000000       0x28 Core/Src/stm32f4xx_hal_msp.o
 .debug_macro   0x0000000000000000       0x22 Core/Src/stm32f4xx_hal_msp.o
 .debug_macro   0x0000000000000000       0x8e Core/Src/stm32f4xx_hal_msp.o
 .debug_macro   0x0000000000000000       0x51 Core/Src/stm32f4xx_hal_msp.o
 .debug_macro   0x0000000000000000       0xef Core/Src/stm32f4xx_hal_msp.o
 .debug_macro   0x0000000000000000       0x6a Core/Src/stm32f4xx_hal_msp.o
 .debug_macro   0x0000000000000000      0x1df Core/Src/stm32f4xx_hal_msp.o
 .debug_macro   0x0000000000000000       0x1c Core/Src/stm32f4xx_hal_msp.o
 .debug_macro   0x0000000000000000       0x22 Core/Src/stm32f4xx_hal_msp.o
 .debug_macro   0x0000000000000000       0xdf Core/Src/stm32f4xx_hal_msp.o
 .debug_macro   0x0000000000000000     0x102d Core/Src/stm32f4xx_hal_msp.o
 .debug_macro   0x0000000000000000      0x11f Core/Src/stm32f4xx_hal_msp.o
 .debug_macro   0x0000000000000000     0xb937 Core/Src/stm32f4xx_hal_msp.o
 .debug_macro   0x0000000000000000       0x43 Core/Src/stm32f4xx_hal_msp.o
 .debug_macro   0x0000000000000000     0x3659 Core/Src/stm32f4xx_hal_msp.o
 .debug_macro   0x0000000000000000      0x174 Core/Src/stm32f4xx_hal_msp.o
 .debug_macro   0x0000000000000000       0x5a Core/Src/stm32f4xx_hal_msp.o
 .debug_macro   0x0000000000000000      0x447 Core/Src/stm32f4xx_hal_msp.o
 .debug_macro   0x0000000000000000      0x9fe Core/Src/stm32f4xx_hal_msp.o
 .debug_macro   0x0000000000000000      0x117 Core/Src/stm32f4xx_hal_msp.o
 .debug_macro   0x0000000000000000      0x11b Core/Src/stm32f4xx_hal_msp.o
 .debug_macro   0x0000000000000000       0x27 Core/Src/stm32f4xx_hal_msp.o
 .debug_macro   0x0000000000000000      0x15f Core/Src/stm32f4xx_hal_msp.o
 .debug_macro   0x0000000000000000      0x287 Core/Src/stm32f4xx_hal_msp.o
 .debug_macro   0x0000000000000000       0x5f Core/Src/stm32f4xx_hal_msp.o
 .debug_macro   0x0000000000000000      0x236 Core/Src/stm32f4xx_hal_msp.o
 .debug_macro   0x0000000000000000      0x391 Core/Src/stm32f4xx_hal_msp.o
 .debug_macro   0x0000000000000000      0x17d Core/Src/stm32f4xx_hal_msp.o
 .debug_macro   0x0000000000000000       0xf9 Core/Src/stm32f4xx_hal_msp.o
 .debug_macro   0x0000000000000000      0x132 Core/Src/stm32f4xx_hal_msp.o
 .debug_macro   0x0000000000000000      0x264 Core/Src/stm32f4xx_hal_msp.o
 .debug_macro   0x0000000000000000       0x2e Core/Src/stm32f4xx_hal_msp.o
 .debug_macro   0x0000000000000000      0x11a Core/Src/stm32f4xx_hal_msp.o
 .debug_macro   0x0000000000000000       0x85 Core/Src/stm32f4xx_hal_msp.o
 .debug_macro   0x0000000000000000       0x89 Core/Src/stm32f4xx_hal_msp.o
 .debug_macro   0x0000000000000000      0x287 Core/Src/stm32f4xx_hal_msp.o
 .debug_macro   0x0000000000000000      0x126 Core/Src/stm32f4xx_hal_msp.o
 .debug_macro   0x0000000000000000       0x58 Core/Src/stm32f4xx_hal_msp.o
 .debug_line    0x0000000000000000      0x7f6 Core/Src/stm32f4xx_hal_msp.o
 .debug_str     0x0000000000000000    0x83fd9 Core/Src/stm32f4xx_hal_msp.o
 .comment       0x0000000000000000       0x7c Core/Src/stm32f4xx_hal_msp.o
 .debug_frame   0x0000000000000000       0xc4 Core/Src/stm32f4xx_hal_msp.o
 .ARM.attributes
                0x0000000000000000       0x39 Core/Src/stm32f4xx_hal_msp.o
 .group         0x0000000000000000        0xc Core/Src/stm32f4xx_it.o
 .group         0x0000000000000000        0xc Core/Src/stm32f4xx_it.o
 .group         0x0000000000000000        0xc Core/Src/stm32f4xx_it.o
 .group         0x0000000000000000        0xc Core/Src/stm32f4xx_it.o
 .group         0x0000000000000000        0xc Core/Src/stm32f4xx_it.o
 .group         0x0000000000000000        0xc Core/Src/stm32f4xx_it.o
 .group         0x0000000000000000        0xc Core/Src/stm32f4xx_it.o
 .group         0x0000000000000000        0xc Core/Src/stm32f4xx_it.o
 .group         0x0000000000000000        0xc Core/Src/stm32f4xx_it.o
 .group         0x0000000000000000        0xc Core/Src/stm32f4xx_it.o
 .group         0x0000000000000000        0xc Core/Src/stm32f4xx_it.o
 .group         0x0000000000000000        0xc Core/Src/stm32f4xx_it.o
 .group         0x0000000000000000        0xc Core/Src/stm32f4xx_it.o
 .group         0x0000000000000000        0xc Core/Src/stm32f4xx_it.o
 .group         0x0000000000000000        0xc Core/Src/stm32f4xx_it.o
 .group         0x0000000000000000        0xc Core/Src/stm32f4xx_it.o
 .group         0x0000000000000000        0xc Core/Src/stm32f4xx_it.o
 .group         0x0000000000000000        0xc Core/Src/stm32f4xx_it.o
 .group         0x0000000000000000        0xc Core/Src/stm32f4xx_it.o
 .group         0x0000000000000000        0xc Core/Src/stm32f4xx_it.o
 .group         0x0000000000000000        0xc Core/Src/stm32f4xx_it.o
 .group         0x0000000000000000        0xc Core/Src/stm32f4xx_it.o
 .group         0x0000000000000000        0xc Core/Src/stm32f4xx_it.o
 .group         0x0000000000000000        0xc Core/Src/stm32f4xx_it.o
 .group         0x0000000000000000        0xc Core/Src/stm32f4xx_it.o
 .group         0x0000000000000000        0xc Core/Src/stm32f4xx_it.o
 .group         0x0000000000000000        0xc Core/Src/stm32f4xx_it.o
 .group         0x0000000000000000        0xc Core/Src/stm32f4xx_it.o
 .group         0x0000000000000000        0xc Core/Src/stm32f4xx_it.o
 .group         0x0000000000000000        0xc Core/Src/stm32f4xx_it.o
 .group         0x0000000000000000        0xc Core/Src/stm32f4xx_it.o
 .group         0x0000000000000000        0xc Core/Src/stm32f4xx_it.o
 .group         0x0000000000000000        0xc Core/Src/stm32f4xx_it.o
 .group         0x0000000000000000        0xc Core/Src/stm32f4xx_it.o
 .group         0x0000000000000000        0xc Core/Src/stm32f4xx_it.o
 .group         0x0000000000000000        0xc Core/Src/stm32f4xx_it.o
 .group         0x0000000000000000        0xc Core/Src/stm32f4xx_it.o
 .group         0x0000000000000000        0xc Core/Src/stm32f4xx_it.o
 .group         0x0000000000000000        0xc Core/Src/stm32f4xx_it.o
 .group         0x0000000000000000        0xc Core/Src/stm32f4xx_it.o
 .group         0x0000000000000000        0xc Core/Src/stm32f4xx_it.o
 .text          0x0000000000000000        0x0 Core/Src/stm32f4xx_it.o
 .data          0x0000000000000000        0x0 Core/Src/stm32f4xx_it.o
 .bss           0x0000000000000000        0x0 Core/Src/stm32f4xx_it.o
 .debug_macro   0x0000000000000000      0xa5a Core/Src/stm32f4xx_it.o
 .debug_macro   0x0000000000000000      0x294 Core/Src/stm32f4xx_it.o
 .debug_macro   0x0000000000000000       0x2e Core/Src/stm32f4xx_it.o
 .debug_macro   0x0000000000000000       0x28 Core/Src/stm32f4xx_it.o
 .debug_macro   0x0000000000000000       0x22 Core/Src/stm32f4xx_it.o
 .debug_macro   0x0000000000000000       0x8e Core/Src/stm32f4xx_it.o
 .debug_macro   0x0000000000000000       0x51 Core/Src/stm32f4xx_it.o
 .debug_macro   0x0000000000000000       0xef Core/Src/stm32f4xx_it.o
 .debug_macro   0x0000000000000000       0x6a Core/Src/stm32f4xx_it.o
 .debug_macro   0x0000000000000000      0x1df Core/Src/stm32f4xx_it.o
 .debug_macro   0x0000000000000000       0x1c Core/Src/stm32f4xx_it.o
 .debug_macro   0x0000000000000000       0x22 Core/Src/stm32f4xx_it.o
 .debug_macro   0x0000000000000000       0xdf Core/Src/stm32f4xx_it.o
 .debug_macro   0x0000000000000000     0x102d Core/Src/stm32f4xx_it.o
 .debug_macro   0x0000000000000000      0x11f Core/Src/stm32f4xx_it.o
 .debug_macro   0x0000000000000000     0xb937 Core/Src/stm32f4xx_it.o
 .debug_macro   0x0000000000000000       0x43 Core/Src/stm32f4xx_it.o
 .debug_macro   0x0000000000000000     0x3659 Core/Src/stm32f4xx_it.o
 .debug_macro   0x0000000000000000      0x174 Core/Src/stm32f4xx_it.o
 .debug_macro   0x0000000000000000       0x5a Core/Src/stm32f4xx_it.o
 .debug_macro   0x0000000000000000      0x447 Core/Src/stm32f4xx_it.o
 .debug_macro   0x0000000000000000      0x9fe Core/Src/stm32f4xx_it.o
 .debug_macro   0x0000000000000000      0x117 Core/Src/stm32f4xx_it.o
 .debug_macro   0x0000000000000000      0x11b Core/Src/stm32f4xx_it.o
 .debug_macro   0x0000000000000000       0x27 Core/Src/stm32f4xx_it.o
 .debug_macro   0x0000000000000000      0x15f Core/Src/stm32f4xx_it.o
 .debug_macro   0x0000000000000000      0x287 Core/Src/stm32f4xx_it.o
 .debug_macro   0x0000000000000000       0x5f Core/Src/stm32f4xx_it.o
 .debug_macro   0x0000000000000000      0x236 Core/Src/stm32f4xx_it.o
 .debug_macro   0x0000000000000000      0x391 Core/Src/stm32f4xx_it.o
 .debug_macro   0x0000000000000000      0x17d Core/Src/stm32f4xx_it.o
 .debug_macro   0x0000000000000000       0xf9 Core/Src/stm32f4xx_it.o
 .debug_macro   0x0000000000000000      0x132 Core/Src/stm32f4xx_it.o
 .debug_macro   0x0000000000000000      0x264 Core/Src/stm32f4xx_it.o
 .debug_macro   0x0000000000000000       0x2e Core/Src/stm32f4xx_it.o
 .debug_macro   0x0000000000000000      0x11a Core/Src/stm32f4xx_it.o
 .debug_macro   0x0000000000000000       0x85 Core/Src/stm32f4xx_it.o
 .debug_macro   0x0000000000000000       0x89 Core/Src/stm32f4xx_it.o
 .debug_macro   0x0000000000000000      0x287 Core/Src/stm32f4xx_it.o
 .debug_macro   0x0000000000000000      0x126 Core/Src/stm32f4xx_it.o
 .debug_macro   0x0000000000000000       0x58 Core/Src/stm32f4xx_it.o
 .group         0x0000000000000000        0xc Core/Src/syscalls.o
 .group         0x0000000000000000        0xc Core/Src/syscalls.o
 .group         0x0000000000000000        0xc Core/Src/syscalls.o
 .group         0x0000000000000000        0xc Core/Src/syscalls.o
 .group         0x0000000000000000        0xc Core/Src/syscalls.o
 .group         0x0000000000000000        0xc Core/Src/syscalls.o
 .group         0x0000000000000000        0xc Core/Src/syscalls.o
 .group         0x0000000000000000        0xc Core/Src/syscalls.o
 .group         0x0000000000000000        0xc Core/Src/syscalls.o
 .group         0x0000000000000000        0xc Core/Src/syscalls.o
 .group         0x0000000000000000        0xc Core/Src/syscalls.o
 .group         0x0000000000000000        0xc Core/Src/syscalls.o
 .group         0x0000000000000000        0xc Core/Src/syscalls.o
 .group         0x0000000000000000        0xc Core/Src/syscalls.o
 .group         0x0000000000000000        0xc Core/Src/syscalls.o
 .group         0x0000000000000000        0xc Core/Src/syscalls.o
 .group         0x0000000000000000        0xc Core/Src/syscalls.o
 .group         0x0000000000000000        0xc Core/Src/syscalls.o
 .group         0x0000000000000000        0xc Core/Src/syscalls.o
 .group         0x0000000000000000        0xc Core/Src/syscalls.o
 .group         0x0000000000000000        0xc Core/Src/syscalls.o
 .group         0x0000000000000000        0xc Core/Src/syscalls.o
 .group         0x0000000000000000        0xc Core/Src/syscalls.o
 .group         0x0000000000000000        0xc Core/Src/syscalls.o
 .group         0x0000000000000000        0xc Core/Src/syscalls.o
 .group         0x0000000000000000        0xc Core/Src/syscalls.o
 .group         0x0000000000000000        0xc Core/Src/syscalls.o
 .group         0x0000000000000000        0xc Core/Src/syscalls.o
 .group         0x0000000000000000        0xc Core/Src/syscalls.o
 .group         0x0000000000000000        0xc Core/Src/syscalls.o
 .group         0x0000000000000000        0xc Core/Src/syscalls.o
 .group         0x0000000000000000        0xc Core/Src/syscalls.o
 .group         0x0000000000000000        0xc Core/Src/syscalls.o
 .group         0x0000000000000000        0xc Core/Src/syscalls.o
 .group         0x0000000000000000        0xc Core/Src/syscalls.o
 .group         0x0000000000000000        0xc Core/Src/syscalls.o
 .group         0x0000000000000000        0xc Core/Src/syscalls.o
 .group         0x0000000000000000        0xc Core/Src/syscalls.o
 .group         0x0000000000000000        0xc Core/Src/syscalls.o
 .group         0x0000000000000000        0xc Core/Src/syscalls.o
 .group         0x0000000000000000        0xc Core/Src/syscalls.o
 .group         0x0000000000000000        0xc Core/Src/syscalls.o
 .group         0x0000000000000000        0xc Core/Src/syscalls.o
 .group         0x0000000000000000        0xc Core/Src/syscalls.o
 .text          0x0000000000000000        0x0 Core/Src/syscalls.o
 .data          0x0000000000000000        0x0 Core/Src/syscalls.o
 .bss           0x0000000000000000        0x0 Core/Src/syscalls.o
 .bss.__env     0x0000000000000000        0x4 Core/Src/syscalls.o
 .data.environ  0x0000000000000000        0x4 Core/Src/syscalls.o
 .text.initialise_monitor_handles
                0x0000000000000000        0xe Core/Src/syscalls.o
 .text._getpid  0x0000000000000000       0x10 Core/Src/syscalls.o
 .text._kill    0x0000000000000000       0x20 Core/Src/syscalls.o
 .text._exit    0x0000000000000000       0x14 Core/Src/syscalls.o
 .text._read    0x0000000000000000       0x3a Core/Src/syscalls.o
 .text._write   0x0000000000000000       0x38 Core/Src/syscalls.o
 .text._close   0x0000000000000000       0x18 Core/Src/syscalls.o
 .text._fstat   0x0000000000000000       0x20 Core/Src/syscalls.o
 .text._isatty  0x0000000000000000       0x16 Core/Src/syscalls.o
 .text._lseek   0x0000000000000000       0x1a Core/Src/syscalls.o
 .text._open    0x0000000000000000       0x1c Core/Src/syscalls.o
 .text._wait    0x0000000000000000       0x1e Core/Src/syscalls.o
 .text._unlink  0x0000000000000000       0x1e Core/Src/syscalls.o
 .text._times   0x0000000000000000       0x18 Core/Src/syscalls.o
 .text._stat    0x0000000000000000       0x20 Core/Src/syscalls.o
 .text._link    0x0000000000000000       0x20 Core/Src/syscalls.o
 .text._fork    0x0000000000000000       0x16 Core/Src/syscalls.o
 .text._execve  0x0000000000000000       0x22 Core/Src/syscalls.o
 .debug_info    0x0000000000000000      0xebd Core/Src/syscalls.o
 .debug_abbrev  0x0000000000000000      0x261 Core/Src/syscalls.o
 .debug_aranges
                0x0000000000000000       0xa8 Core/Src/syscalls.o
 .debug_ranges  0x0000000000000000       0x98 Core/Src/syscalls.o
 .debug_macro   0x0000000000000000      0x243 Core/Src/syscalls.o
 .debug_macro   0x0000000000000000      0xa5a Core/Src/syscalls.o
 .debug_macro   0x0000000000000000       0x22 Core/Src/syscalls.o
 .debug_macro   0x0000000000000000       0x40 Core/Src/syscalls.o
 .debug_macro   0x0000000000000000       0x18 Core/Src/syscalls.o
 .debug_macro   0x0000000000000000       0x94 Core/Src/syscalls.o
 .debug_macro   0x0000000000000000       0x3c Core/Src/syscalls.o
 .debug_macro   0x0000000000000000       0x34 Core/Src/syscalls.o
 .debug_macro   0x0000000000000000       0x57 Core/Src/syscalls.o
 .debug_macro   0x0000000000000000      0x174 Core/Src/syscalls.o
 .debug_macro   0x0000000000000000      0x330 Core/Src/syscalls.o
 .debug_macro   0x0000000000000000       0x52 Core/Src/syscalls.o
 .debug_macro   0x0000000000000000       0x1f Core/Src/syscalls.o
 .debug_macro   0x0000000000000000       0x43 Core/Src/syscalls.o
 .debug_macro   0x0000000000000000       0x20 Core/Src/syscalls.o
 .debug_macro   0x0000000000000000      0x1a3 Core/Src/syscalls.o
 .debug_macro   0x0000000000000000       0x10 Core/Src/syscalls.o
 .debug_macro   0x0000000000000000       0x35 Core/Src/syscalls.o
 .debug_macro   0x0000000000000000       0x10 Core/Src/syscalls.o
 .debug_macro   0x0000000000000000       0x10 Core/Src/syscalls.o
 .debug_macro   0x0000000000000000       0x10 Core/Src/syscalls.o
 .debug_macro   0x0000000000000000       0x6a Core/Src/syscalls.o
 .debug_macro   0x0000000000000000       0x1c Core/Src/syscalls.o
 .debug_macro   0x0000000000000000       0x52 Core/Src/syscalls.o
 .debug_macro   0x0000000000000000       0x40 Core/Src/syscalls.o
 .debug_macro   0x0000000000000000       0x10 Core/Src/syscalls.o
 .debug_macro   0x0000000000000000       0x40 Core/Src/syscalls.o
 .debug_macro   0x0000000000000000       0xd7 Core/Src/syscalls.o
 .debug_macro   0x0000000000000000       0x1c Core/Src/syscalls.o
 .debug_macro   0x0000000000000000       0x3d Core/Src/syscalls.o
 .debug_macro   0x0000000000000000       0x35 Core/Src/syscalls.o
 .debug_macro   0x0000000000000000      0x122 Core/Src/syscalls.o
 .debug_macro   0x0000000000000000       0x16 Core/Src/syscalls.o
 .debug_macro   0x0000000000000000       0x16 Core/Src/syscalls.o
 .debug_macro   0x0000000000000000       0x29 Core/Src/syscalls.o
 .debug_macro   0x0000000000000000       0x10 Core/Src/syscalls.o
 .debug_macro   0x0000000000000000      0x241 Core/Src/syscalls.o
 .debug_macro   0x0000000000000000       0x1c Core/Src/syscalls.o
 .debug_macro   0x0000000000000000       0x10 Core/Src/syscalls.o
 .debug_macro   0x0000000000000000       0x10 Core/Src/syscalls.o
 .debug_macro   0x0000000000000000       0x16 Core/Src/syscalls.o
 .debug_macro   0x0000000000000000      0x145 Core/Src/syscalls.o
 .debug_macro   0x0000000000000000      0x189 Core/Src/syscalls.o
 .debug_macro   0x0000000000000000       0x16 Core/Src/syscalls.o
 .debug_macro   0x0000000000000000       0x88 Core/Src/syscalls.o
 .debug_line    0x0000000000000000      0x72f Core/Src/syscalls.o
 .debug_str     0x0000000000000000     0x8872 Core/Src/syscalls.o
 .comment       0x0000000000000000       0x7c Core/Src/syscalls.o
 .debug_frame   0x0000000000000000      0x2ac Core/Src/syscalls.o
 .ARM.attributes
                0x0000000000000000       0x39 Core/Src/syscalls.o
 .group         0x0000000000000000        0xc Core/Src/sysmem.o
 .group         0x0000000000000000        0xc Core/Src/sysmem.o
 .group         0x0000000000000000        0xc Core/Src/sysmem.o
 .group         0x0000000000000000        0xc Core/Src/sysmem.o
 .group         0x0000000000000000        0xc Core/Src/sysmem.o
 .group         0x0000000000000000        0xc Core/Src/sysmem.o
 .group         0x0000000000000000        0xc Core/Src/sysmem.o
 .group         0x0000000000000000        0xc Core/Src/sysmem.o
 .group         0x0000000000000000        0xc Core/Src/sysmem.o
 .group         0x0000000000000000        0xc Core/Src/sysmem.o
 .group         0x0000000000000000        0xc Core/Src/sysmem.o
 .group         0x0000000000000000        0xc Core/Src/sysmem.o
 .group         0x0000000000000000        0xc Core/Src/sysmem.o
 .group         0x0000000000000000        0xc Core/Src/sysmem.o
 .group         0x0000000000000000        0xc Core/Src/sysmem.o
 .group         0x0000000000000000        0xc Core/Src/sysmem.o
 .group         0x0000000000000000        0xc Core/Src/sysmem.o
 .group         0x0000000000000000        0xc Core/Src/sysmem.o
 .group         0x0000000000000000        0xc Core/Src/sysmem.o
 .text          0x0000000000000000        0x0 Core/Src/sysmem.o
 .data          0x0000000000000000        0x0 Core/Src/sysmem.o
 .bss           0x0000000000000000        0x0 Core/Src/sysmem.o
 .bss.__sbrk_heap_end
                0x0000000000000000        0x4 Core/Src/sysmem.o
 .text._sbrk    0x0000000000000000       0x6c Core/Src/sysmem.o
 .debug_info    0x0000000000000000      0x985 Core/Src/sysmem.o
 .debug_abbrev  0x0000000000000000      0x19b Core/Src/sysmem.o
 .debug_aranges
                0x0000000000000000       0x20 Core/Src/sysmem.o
 .debug_ranges  0x0000000000000000       0x10 Core/Src/sysmem.o
 .debug_macro   0x0000000000000000       0xee Core/Src/sysmem.o
 .debug_macro   0x0000000000000000      0xa5a Core/Src/sysmem.o
 .debug_macro   0x0000000000000000       0x10 Core/Src/sysmem.o
 .debug_macro   0x0000000000000000       0x22 Core/Src/sysmem.o
 .debug_macro   0x0000000000000000       0x40 Core/Src/sysmem.o
 .debug_macro   0x0000000000000000       0x18 Core/Src/sysmem.o
 .debug_macro   0x0000000000000000       0x94 Core/Src/sysmem.o
 .debug_macro   0x0000000000000000       0x3c Core/Src/sysmem.o
 .debug_macro   0x0000000000000000       0x34 Core/Src/sysmem.o
 .debug_macro   0x0000000000000000      0x174 Core/Src/sysmem.o
 .debug_macro   0x0000000000000000       0x57 Core/Src/sysmem.o
 .debug_macro   0x0000000000000000       0x52 Core/Src/sysmem.o
 .debug_macro   0x0000000000000000       0x1f Core/Src/sysmem.o
 .debug_macro   0x0000000000000000       0x43 Core/Src/sysmem.o
 .debug_macro   0x0000000000000000       0x20 Core/Src/sysmem.o
 .debug_macro   0x0000000000000000      0x1a3 Core/Src/sysmem.o
 .debug_macro   0x0000000000000000      0x23b Core/Src/sysmem.o
 .debug_macro   0x0000000000000000       0xef Core/Src/sysmem.o
 .debug_macro   0x0000000000000000       0x6a Core/Src/sysmem.o
 .debug_macro   0x0000000000000000      0x1df Core/Src/sysmem.o
 .debug_line    0x0000000000000000      0x4b8 Core/Src/sysmem.o
 .debug_str     0x0000000000000000     0x5f40 Core/Src/sysmem.o
 .comment       0x0000000000000000       0x7c Core/Src/sysmem.o
 .debug_frame   0x0000000000000000       0x34 Core/Src/sysmem.o
 .ARM.attributes
                0x0000000000000000       0x39 Core/Src/sysmem.o
 .group         0x0000000000000000        0xc Core/Src/system_stm32f4xx.o
 .group         0x0000000000000000        0xc Core/Src/system_stm32f4xx.o
 .group         0x0000000000000000        0xc Core/Src/system_stm32f4xx.o
 .group         0x0000000000000000        0xc Core/Src/system_stm32f4xx.o
 .group         0x0000000000000000        0xc Core/Src/system_stm32f4xx.o
 .group         0x0000000000000000        0xc Core/Src/system_stm32f4xx.o
 .group         0x0000000000000000        0xc Core/Src/system_stm32f4xx.o
 .group         0x0000000000000000        0xc Core/Src/system_stm32f4xx.o
 .group         0x0000000000000000        0xc Core/Src/system_stm32f4xx.o
 .group         0x0000000000000000        0xc Core/Src/system_stm32f4xx.o
 .group         0x0000000000000000        0xc Core/Src/system_stm32f4xx.o
 .group         0x0000000000000000        0xc Core/Src/system_stm32f4xx.o
 .group         0x0000000000000000        0xc Core/Src/system_stm32f4xx.o
 .group         0x0000000000000000        0xc Core/Src/system_stm32f4xx.o
 .group         0x0000000000000000        0xc Core/Src/system_stm32f4xx.o
 .group         0x0000000000000000        0xc Core/Src/system_stm32f4xx.o
 .group         0x0000000000000000        0xc Core/Src/system_stm32f4xx.o
 .group         0x0000000000000000        0xc Core/Src/system_stm32f4xx.o
 .group         0x0000000000000000        0xc Core/Src/system_stm32f4xx.o
 .group         0x0000000000000000        0xc Core/Src/system_stm32f4xx.o
 .group         0x0000000000000000        0xc Core/Src/system_stm32f4xx.o
 .group         0x0000000000000000        0xc Core/Src/system_stm32f4xx.o
 .group         0x0000000000000000        0xc Core/Src/system_stm32f4xx.o
 .group         0x0000000000000000        0xc Core/Src/system_stm32f4xx.o
 .group         0x0000000000000000        0xc Core/Src/system_stm32f4xx.o
 .group         0x0000000000000000        0xc Core/Src/system_stm32f4xx.o
 .group         0x0000000000000000        0xc Core/Src/system_stm32f4xx.o
 .group         0x0000000000000000        0xc Core/Src/system_stm32f4xx.o
 .group         0x0000000000000000        0xc Core/Src/system_stm32f4xx.o
 .group         0x0000000000000000        0xc Core/Src/system_stm32f4xx.o
 .group         0x0000000000000000        0xc Core/Src/system_stm32f4xx.o
 .group         0x0000000000000000        0xc Core/Src/system_stm32f4xx.o
 .group         0x0000000000000000        0xc Core/Src/system_stm32f4xx.o
 .group         0x0000000000000000        0xc Core/Src/system_stm32f4xx.o
 .group         0x0000000000000000        0xc Core/Src/system_stm32f4xx.o
 .group         0x0000000000000000        0xc Core/Src/system_stm32f4xx.o
 .group         0x0000000000000000        0xc Core/Src/system_stm32f4xx.o
 .group         0x0000000000000000        0xc Core/Src/system_stm32f4xx.o
 .group         0x0000000000000000        0xc Core/Src/system_stm32f4xx.o
 .group         0x0000000000000000        0xc Core/Src/system_stm32f4xx.o
 .text          0x0000000000000000        0x0 Core/Src/system_stm32f4xx.o
 .data          0x0000000000000000        0x0 Core/Src/system_stm32f4xx.o
 .bss           0x0000000000000000        0x0 Core/Src/system_stm32f4xx.o
 .data.SystemCoreClock
                0x0000000000000000        0x4 Core/Src/system_stm32f4xx.o
 .rodata.AHBPrescTable
                0x0000000000000000       0x10 Core/Src/system_stm32f4xx.o
 .rodata.APBPrescTable
                0x0000000000000000        0x8 Core/Src/system_stm32f4xx.o
 .text.SystemCoreClockUpdate
                0x0000000000000000       0xf4 Core/Src/system_stm32f4xx.o
 .debug_macro   0x0000000000000000      0xa5a Core/Src/system_stm32f4xx.o
 .debug_macro   0x0000000000000000       0x2e Core/Src/system_stm32f4xx.o
 .debug_macro   0x0000000000000000       0x28 Core/Src/system_stm32f4xx.o
 .debug_macro   0x0000000000000000       0x22 Core/Src/system_stm32f4xx.o
 .debug_macro   0x0000000000000000       0x8e Core/Src/system_stm32f4xx.o
 .debug_macro   0x0000000000000000       0x51 Core/Src/system_stm32f4xx.o
 .debug_macro   0x0000000000000000       0xef Core/Src/system_stm32f4xx.o
 .debug_macro   0x0000000000000000       0x6a Core/Src/system_stm32f4xx.o
 .debug_macro   0x0000000000000000      0x1df Core/Src/system_stm32f4xx.o
 .debug_macro   0x0000000000000000       0x1c Core/Src/system_stm32f4xx.o
 .debug_macro   0x0000000000000000       0x22 Core/Src/system_stm32f4xx.o
 .debug_macro   0x0000000000000000       0xdf Core/Src/system_stm32f4xx.o
 .debug_macro   0x0000000000000000     0x102d Core/Src/system_stm32f4xx.o
 .debug_macro   0x0000000000000000      0x11f Core/Src/system_stm32f4xx.o
 .debug_macro   0x0000000000000000     0xb937 Core/Src/system_stm32f4xx.o
 .debug_macro   0x0000000000000000       0x43 Core/Src/system_stm32f4xx.o
 .debug_macro   0x0000000000000000      0x294 Core/Src/system_stm32f4xx.o
 .debug_macro   0x0000000000000000     0x3659 Core/Src/system_stm32f4xx.o
 .debug_macro   0x0000000000000000      0x174 Core/Src/system_stm32f4xx.o
 .debug_macro   0x0000000000000000       0x5a Core/Src/system_stm32f4xx.o
 .debug_macro   0x0000000000000000      0x447 Core/Src/system_stm32f4xx.o
 .debug_macro   0x0000000000000000      0x9fe Core/Src/system_stm32f4xx.o
 .debug_macro   0x0000000000000000      0x117 Core/Src/system_stm32f4xx.o
 .debug_macro   0x0000000000000000      0x11b Core/Src/system_stm32f4xx.o
 .debug_macro   0x0000000000000000       0x27 Core/Src/system_stm32f4xx.o
 .debug_macro   0x0000000000000000      0x15f Core/Src/system_stm32f4xx.o
 .debug_macro   0x0000000000000000      0x287 Core/Src/system_stm32f4xx.o
 .debug_macro   0x0000000000000000       0x5f Core/Src/system_stm32f4xx.o
 .debug_macro   0x0000000000000000      0x236 Core/Src/system_stm32f4xx.o
 .debug_macro   0x0000000000000000      0x391 Core/Src/system_stm32f4xx.o
 .debug_macro   0x0000000000000000      0x17d Core/Src/system_stm32f4xx.o
 .debug_macro   0x0000000000000000       0xf9 Core/Src/system_stm32f4xx.o
 .debug_macro   0x0000000000000000      0x132 Core/Src/system_stm32f4xx.o
 .debug_macro   0x0000000000000000      0x264 Core/Src/system_stm32f4xx.o
 .debug_macro   0x0000000000000000       0x2e Core/Src/system_stm32f4xx.o
 .debug_macro   0x0000000000000000      0x11a Core/Src/system_stm32f4xx.o
 .debug_macro   0x0000000000000000       0x85 Core/Src/system_stm32f4xx.o
 .debug_macro   0x0000000000000000       0x89 Core/Src/system_stm32f4xx.o
 .debug_macro   0x0000000000000000      0x287 Core/Src/system_stm32f4xx.o
 .debug_macro   0x0000000000000000      0x126 Core/Src/system_stm32f4xx.o
 .text          0x0000000000000000       0x14 Core/Startup/startup_stm32f411retx.o
 .data          0x0000000000000000        0x0 Core/Startup/startup_stm32f411retx.o
 .bss           0x0000000000000000        0x0 Core/Startup/startup_stm32f411retx.o
 .text          0x0000000000000000        0x0 d:/stm32cubeide_1.5.1/stm32cubeide/plugins/com.st.stm32cube.ide.mcu.externaltools.gnu-tools-for-stm32.7-2018-q2-update.win32_1.5.0.202011040924/tools/bin/../lib/gcc/arm-none-eabi/7.3.1/../../../../arm-none-eabi/lib/thumb/v7e-m/fpv4-sp/hard\libc_nano.a(lib_a-errno.o)
 .data          0x0000000000000000        0x0 d:/stm32cubeide_1.5.1/stm32cubeide/plugins/com.st.stm32cube.ide.mcu.externaltools.gnu-tools-for-stm32.7-2018-q2-update.win32_1.5.0.202011040924/tools/bin/../lib/gcc/arm-none-eabi/7.3.1/../../../../arm-none-eabi/lib/thumb/v7e-m/fpv4-sp/hard\libc_nano.a(lib_a-errno.o)
 .bss           0x0000000000000000        0x0 d:/stm32cubeide_1.5.1/stm32cubeide/plugins/com.st.stm32cube.ide.mcu.externaltools.gnu-tools-for-stm32.7-2018-q2-update.win32_1.5.0.202011040924/tools/bin/../lib/gcc/arm-none-eabi/7.3.1/../../../../arm-none-eabi/lib/thumb/v7e-m/fpv4-sp/hard\libc_nano.a(lib_a-errno.o)
 .text.__errno  0x0000000000000000        0xc d:/stm32cubeide_1.5.1/stm32cubeide/plugins/com.st.stm32cube.ide.mcu.externaltools.gnu-tools-for-stm32.7-2018-q2-update.win32_1.5.0.202011040924/tools/bin/../lib/gcc/arm-none-eabi/7.3.1/../../../../arm-none-eabi/lib/thumb/v7e-m/fpv4-sp/hard\libc_nano.a(lib_a-errno.o)
 .debug_frame   0x0000000000000000       0x20 d:/stm32cubeide_1.5.1/stm32cubeide/plugins/com.st.stm32cube.ide.mcu.externaltools.gnu-tools-for-stm32.7-2018-q2-update.win32_1.5.0.202011040924/tools/bin/../lib/gcc/arm-none-eabi/7.3.1/../../../../arm-none-eabi/lib/thumb/v7e-m/fpv4-sp/hard\libc_nano.a(lib_a-errno.o)
 .ARM.attributes
                0x0000000000000000       0x34 d:/stm32cubeide_1.5.1/stm32cubeide/plugins/com.st.stm32cube.ide.mcu.externaltools.gnu-tools-for-stm32.7-2018-q2-update.win32_1.5.0.202011040924/tools/bin/../lib/gcc/arm-none-eabi/7.3.1/../../../../arm-none-eabi/lib/thumb/v7e-m/fpv4-sp/hard\libc_nano.a(lib_a-errno.o)
 .text          0x0000000000000000        0x0 d:/stm32cubeide_1.5.1/stm32cubeide/plugins/com.st.stm32cube.ide.mcu.externaltools.gnu-tools-for-stm32.7-2018-q2-update.win32_1.5.0.202011040924/tools/bin/../lib/gcc/arm-none-eabi/7.3.1/../../../../arm-none-eabi/lib/thumb/v7e-m/fpv4-sp/hard\libc_nano.a(lib_a-exit.o)
 .data          0x0000000000000000        0x0 d:/stm32cubeide_1.5.1/stm32cubeide/plugins/com.st.stm32cube.ide.mcu.externaltools.gnu-tools-for-stm32.7-2018-q2-update.win32_1.5.0.202011040924/tools/bin/../lib/gcc/arm-none-eabi/7.3.1/../../../../arm-none-eabi/lib/thumb/v7e-m/fpv4-sp/hard\libc_nano.a(lib_a-exit.o)
 .bss           0x0000000000000000        0x0 d:/stm32cubeide_1.5.1/stm32cubeide/plugins/com.st.stm32cube.ide.mcu.externaltools.gnu-tools-for-stm32.7-2018-q2-update.win32_1.5.0.202011040924/tools/bin/../lib/gcc/arm-none-eabi/7.3.1/../../../../arm-none-eabi/lib/thumb/v7e-m/fpv4-sp/hard\libc_nano.a(lib_a-exit.o)
 .text.exit     0x0000000000000000       0x28 d:/stm32cubeide_1.5.1/stm32cubeide/plugins/com.st.stm32cube.ide.mcu.externaltools.gnu-tools-for-stm32.7-2018-q2-update.win32_1.5.0.202011040924/tools/bin/../lib/gcc/arm-none-eabi/7.3.1/../../../../arm-none-eabi/lib/thumb/v7e-m/fpv4-sp/hard\libc_nano.a(lib_a-exit.o)
 .debug_frame   0x0000000000000000       0x28 d:/stm32cubeide_1.5.1/stm32cubeide/plugins/com.st.stm32cube.ide.mcu.externaltools.gnu-tools-for-stm32.7-2018-q2-update.win32_1.5.0.202011040924/tools/bin/../lib/gcc/arm-none-eabi/7.3.1/../../../../arm-none-eabi/lib/thumb/v7e-m/fpv4-sp/hard\libc_nano.a(lib_a-exit.o)
 .ARM.attributes
                0x0000000000000000       0x34 d:/stm32cubeide_1.5.1/stm32cubeide/plugins/com.st.stm32cube.ide.mcu.externaltools.gnu-tools-for-stm32.7-2018-q2-update.win32_1.5.0.202011040924/tools/bin/../lib/gcc/arm-none-eabi/7.3.1/../../../../arm-none-eabi/lib/thumb/v7e-m/fpv4-sp/hard\libc_nano.a(lib_a-exit.o)
 .text          0x0000000000000000        0x0 d:/stm32cubeide_1.5.1/stm32cubeide/plugins/com.st.stm32cube.ide.mcu.externaltools.gnu-tools-for-stm32.7-2018-q2-update.win32_1.5.0.202011040924/tools/bin/../lib/gcc/arm-none-eabi/7.3.1/../../../../arm-none-eabi/lib/thumb/v7e-m/fpv4-sp/hard\libc_nano.a(lib_a-impure.o)
 .data          0x0000000000000000        0x0 d:/stm32cubeide_1.5.1/stm32cubeide/plugins/com.st.stm32cube.ide.mcu.externaltools.gnu-tools-for-stm32.7-2018-q2-update.win32_1.5.0.202011040924/tools/bin/../lib/gcc/arm-none-eabi/7.3.1/../../../../arm-none-eabi/lib/thumb/v7e-m/fpv4-sp/hard\libc_nano.a(lib_a-impure.o)
 .bss           0x0000000000000000        0x0 d:/stm32cubeide_1.5.1/stm32cubeide/plugins/com.st.stm32cube.ide.mcu.externaltools.gnu-tools-for-stm32.7-2018-q2-update.win32_1.5.0.202011040924/tools/bin/../lib/gcc/arm-none-eabi/7.3.1/../../../../arm-none-eabi/lib/thumb/v7e-m/fpv4-sp/hard\libc_nano.a(lib_a-impure.o)
 .data._impure_ptr
                0x0000000000000000        0x4 d:/stm32cubeide_1.5.1/stm32cubeide/plugins/com.st.stm32cube.ide.mcu.externaltools.gnu-tools-for-stm32.7-2018-q2-update.win32_1.5.0.202011040924/tools/bin/../lib/gcc/arm-none-eabi/7.3.1/../../../../arm-none-eabi/lib/thumb/v7e-m/fpv4-sp/hard\libc_nano.a(lib_a-impure.o)
 .data.impure_data
                0x0000000000000000       0x60 d:/stm32cubeide_1.5.1/stm32cubeide/plugins/com.st.stm32cube.ide.mcu.externaltools.gnu-tools-for-stm32.7-2018-q2-update.win32_1.5.0.202011040924/tools/bin/../lib/gcc/arm-none-eabi/7.3.1/../../../../arm-none-eabi/lib/thumb/v7e-m/fpv4-sp/hard\libc_nano.a(lib_a-impure.o)
 .rodata._global_impure_ptr
                0x0000000000000000        0x4 d:/stm32cubeide_1.5.1/stm32cubeide/plugins/com.st.stm32cube.ide.mcu.externaltools.gnu-tools-for-stm32.7-2018-q2-update.win32_1.5.0.202011040924/tools/bin/../lib/gcc/arm-none-eabi/7.3.1/../../../../arm-none-eabi/lib/thumb/v7e-m/fpv4-sp/hard\libc_nano.a(lib_a-impure.o)
 .ARM.attributes
                0x0000000000000000       0x34 d:/stm32cubeide_1.5.1/stm32cubeide/plugins/com.st.stm32cube.ide.mcu.externaltools.gnu-tools-for-stm32.7-2018-q2-update.win32_1.5.0.202011040924/tools/bin/../lib/gcc/arm-none-eabi/7.3.1/../../../../arm-none-eabi/lib/thumb/v7e-m/fpv4-sp/hard\libc_nano.a(lib_a-impure.o)
 .text          0x0000000000000000        0x0 d:/stm32cubeide_1.5.1/stm32cubeide/plugins/com.st.stm32cube.ide.mcu.externaltools.gnu-tools-for-stm32.7-2018-q2-update.win32_1.5.0.202011040924/tools/bin/../lib/gcc/arm-none-eabi/7.3.1/../../../../arm-none-eabi/lib/thumb/v7e-m/fpv4-sp/hard\libc_nano.a(lib_a-init.o)
 .data          0x0000000000000000        0x0 d:/stm32cubeide_1.5.1/stm32cubeide/plugins/com.st.stm32cube.ide.mcu.externaltools.gnu-tools-for-stm32.7-2018-q2-update.win32_1.5.0.202011040924/tools/bin/../lib/gcc/arm-none-eabi/7.3.1/../../../../arm-none-eabi/lib/thumb/v7e-m/fpv4-sp/hard\libc_nano.a(lib_a-init.o)
 .bss           0x0000000000000000        0x0 d:/stm32cubeide_1.5.1/stm32cubeide/plugins/com.st.stm32cube.ide.mcu.externaltools.gnu-tools-for-stm32.7-2018-q2-update.win32_1.5.0.202011040924/tools/bin/../lib/gcc/arm-none-eabi/7.3.1/../../../../arm-none-eabi/lib/thumb/v7e-m/fpv4-sp/hard\libc_nano.a(lib_a-init.o)
 .text          0x0000000000000000        0x0 d:/stm32cubeide_1.5.1/stm32cubeide/plugins/com.st.stm32cube.ide.mcu.externaltools.gnu-tools-for-stm32.7-2018-q2-update.win32_1.5.0.202011040924/tools/bin/../lib/gcc/arm-none-eabi/7.3.1/../../../../arm-none-eabi/lib/thumb/v7e-m/fpv4-sp/hard\libc_nano.a(lib_a-memset.o)
 .data          0x0000000000000000        0x0 d:/stm32cubeide_1.5.1/stm32cubeide/plugins/com.st.stm32cube.ide.mcu.externaltools.gnu-tools-for-stm32.7-2018-q2-update.win32_1.5.0.202011040924/tools/bin/../lib/gcc/arm-none-eabi/7.3.1/../../../../arm-none-eabi/lib/thumb/v7e-m/fpv4-sp/hard\libc_nano.a(lib_a-memset.o)
 .bss           0x0000000000000000        0x0 d:/stm32cubeide_1.5.1/stm32cubeide/plugins/com.st.stm32cube.ide.mcu.externaltools.gnu-tools-for-stm32.7-2018-q2-update.win32_1.5.0.202011040924/tools/bin/../lib/gcc/arm-none-eabi/7.3.1/../../../../arm-none-eabi/lib/thumb/v7e-m/fpv4-sp/hard\libc_nano.a(lib_a-memset.o)
 .text          0x0000000000000000        0x0 d:/stm32cubeide_1.5.1/stm32cubeide/plugins/com.st.stm32cube.ide.mcu.externaltools.gnu-tools-for-stm32.7-2018-q2-update.win32_1.5.0.202011040924/tools/bin/../lib/gcc/arm-none-eabi/7.3.1/thumb/v7e-m/fpv4-sp/hard/crtend.o
 .data          0x0000000000000000        0x0 d:/stm32cubeide_1.5.1/stm32cubeide/plugins/com.st.stm32cube.ide.mcu.externaltools.gnu-tools-for-stm32.7-2018-q2-update.win32_1.5.0.202011040924/tools/bin/../lib/gcc/arm-none-eabi/7.3.1/thumb/v7e-m/fpv4-sp/hard/crtend.o
 .bss           0x0000000000000000        0x0 d:/stm32cubeide_1.5.1/stm32cubeide/plugins/com.st.stm32cube.ide.mcu.externaltools.gnu-tools-for-stm32.7-2018-q2-update.win32_1.5.0.202011040924/tools/bin/../lib/gcc/arm-none-eabi/7.3.1/thumb/v7e-m/fpv4-sp/hard/crtend.o
 .eh_frame      0x0000000000000000        0x4 d:/stm32cubeide_1.5.1/stm32cubeide/plugins/com.st.stm32cube.ide.mcu.externaltools.gnu-tools-for-stm32.7-2018-q2-update.win32_1.5.0.202011040924/tools/bin/../lib/gcc/arm-none-eabi/7.3.1/thumb/v7e-m/fpv4-sp/hard/crtend.o
 .ARM.attributes
                0x0000000000000000       0x34 d:/stm32cubeide_1.5.1/stm32cubeide/plugins/com.st.stm32cube.ide.mcu.externaltools.gnu-tools-for-stm32.7-2018-q2-update.win32_1.5.0.202011040924/tools/bin/../lib/gcc/arm-none-eabi/7.3.1/thumb/v7e-m/fpv4-sp/hard/crtend.o
 .text          0x0000000000000000        0x0 d:/stm32cubeide_1.5.1/stm32cubeide/plugins/com.st.stm32cube.ide.mcu.externaltools.gnu-tools-for-stm32.7-2018-q2-update.win32_1.5.0.202011040924/tools/bin/../lib/gcc/arm-none-eabi/7.3.1/thumb/v7e-m/fpv4-sp/hard/crtn.o
 .data          0x0000000000000000        0x0 d:/stm32cubeide_1.5.1/stm32cubeide/plugins/com.st.stm32cube.ide.mcu.externaltools.gnu-tools-for-stm32.7-2018-q2-update.win32_1.5.0.202011040924/tools/bin/../lib/gcc/arm-none-eabi/7.3.1/thumb/v7e-m/fpv4-sp/hard/crtn.o
 .bss           0x0000000000000000        0x0 d:/stm32cubeide_1.5.1/stm32cubeide/plugins/com.st.stm32cube.ide.mcu.externaltools.gnu-tools-for-stm32.7-2018-q2-update.win32_1.5.0.202011040924/tools/bin/../lib/gcc/arm-none-eabi/7.3.1/thumb/v7e-m/fpv4-sp/hard/crtn.o

Memory Configuration

Name             Origin             Length             Attributes
RAM              0x0000000020000000 0x0000000000020000 xrw
FLASH            0x0000000008000000 0x0000000000080000 xr
*default*        0x0000000000000000 0xffffffffffffffff

Linker script and memory map

LOAD d:/stm32cubeide_1.5.1/stm32cubeide/plugins/com.st.stm32cube.ide.mcu.externaltools.gnu-tools-for-stm32.7-2018-q2-update.win32_1.5.0.202011040924/tools/bin/../lib/gcc/arm-none-eabi/7.3.1/thumb/v7e-m/fpv4-sp/hard/crti.o
LOAD d:/stm32cubeide_1.5.1/stm32cubeide/plugins/com.st.stm32cube.ide.mcu.externaltools.gnu-tools-for-stm32.7-2018-q2-update.win32_1.5.0.202011040924/tools/bin/../lib/gcc/arm-none-eabi/7.3.1/thumb/v7e-m/fpv4-sp/hard/crtbegin.o
LOAD d:/stm32cubeide_1.5.1/stm32cubeide/plugins/com.st.stm32cube.ide.mcu.externaltools.gnu-tools-for-stm32.7-2018-q2-update.win32_1.5.0.202011040924/tools/bin/../lib/gcc/arm-none-eabi/7.3.1/../../../../arm-none-eabi/lib/thumb/v7e-m/fpv4-sp/hard/crt0.o
LOAD Core/Src/main.o
LOAD Core/Src/stm32f4xx_hal_msp.o
LOAD Core/Src/stm32f4xx_it.o
LOAD Core/Src/syscalls.o
LOAD Core/Src/sysmem.o
LOAD Core/Src/system_stm32f4xx.o
LOAD Core/Startup/startup_stm32f411retx.o
START GROUP
LOAD d:/stm32cubeide_1.5.1/stm32cubeide/plugins/com.st.stm32cube.ide.mcu.externaltools.gnu-tools-for-stm32.7-2018-q2-update.win32_1.5.0.202011040924/tools/bin/../lib/gcc/arm-none-eabi/7.3.1/../../../../arm-none-eabi/lib/thumb/v7e-m/fpv4-sp/hard\libc_nano.a
LOAD d:/stm32cubeide_1.5.1/stm32cubeide/plugins/com.st.stm32cube.ide.mcu.externaltools.gnu-tools-for-stm32.7-2018-q2-update.win32_1.5.0.202011040924/tools/bin/../lib/gcc/arm-none-eabi/7.3.1/../../../../arm-none-eabi/lib/thumb/v7e-m/fpv4-sp/hard\libm.a
END GROUP
START GROUP
LOAD d:/stm32cubeide_1.5.1/stm32cubeide/plugins/com.st.stm32cube.ide.mcu.externaltools.gnu-tools-for-stm32.7-2018-q2-update.win32_1.5.0.202011040924/tools/bin/../lib/gcc/arm-none-eabi/7.3.1/thumb/v7e-m/fpv4-sp/hard\libgcc.a
LOAD d:/stm32cubeide_1.5.1/stm32cubeide/plugins/com.st.stm32cube.ide.mcu.externaltools.gnu-tools-for-stm32.7-2018-q2-update.win32_1.5.0.202011040924/tools/bin/../lib/gcc/arm-none-eabi/7.3.1/../../../../arm-none-eabi/lib/thumb/v7e-m/fpv4-sp/hard\libc_nano.a
END GROUP
START GROUP
LOAD d:/stm32cubeide_1.5.1/stm32cubeide/plugins/com.st.stm32cube.ide.mcu.externaltools.gnu-tools-for-stm32.7-2018-q2-update.win32_1.5.0.202011040924/tools/bin/../lib/gcc/arm-none-eabi/7.3.1/thumb/v7e-m/fpv4-sp/hard\libgcc.a
LOAD d:/stm32cubeide_1.5.1/stm32cubeide/plugins/com.st.stm32cube.ide.mcu.externaltools.gnu-tools-for-stm32.7-2018-q2-update.win32_1.5.0.202011040924/tools/bin/../lib/gcc/arm-none-eabi/7.3.1/../../../../arm-none-eabi/lib/thumb/v7e-m/fpv4-sp/hard\libc_nano.a
LOAD d:/stm32cubeide_1.5.1/stm32cubeide/plugins/com.st.stm32cube.ide.mcu.externaltools.gnu-tools-for-stm32.7-2018-q2-update.win32_1.5.0.202011040924/tools/bin/../lib/gcc/arm-none-eabi/7.3.1/../../../../arm-none-eabi/lib/thumb/v7e-m/fpv4-sp/hard\libnosys.a
END GROUP
START GROUP
LOAD d:/stm32cubeide_1.5.1/stm32cubeide/plugins/com.st.stm32cube.ide.mcu.externaltools.gnu-tools-for-stm32.7-2018-q2-update.win32_1.5.0.202011040924/tools/bin/../lib/gcc/arm-none-eabi/7.3.1/thumb/v7e-m/fpv4-sp/hard\libgcc.a
LOAD d:/stm32cubeide_1.5.1/stm32cubeide/plugins/com.st.stm32cube.ide.mcu.externaltools.gnu-tools-for-stm32.7-2018-q2-update.win32_1.5.0.202011040924/tools/bin/../lib/gcc/arm-none-eabi/7.3.1/../../../../arm-none-eabi/lib/thumb/v7e-m/fpv4-sp/hard\libc_nano.a
LOAD d:/stm32cubeide_1.5.1/stm32cubeide/plugins/com.st.stm32cube.ide.mcu.externaltools.gnu-tools-for-stm32.7-2018-q2-update.win32_1.5.0.202011040924/tools/bin/../lib/gcc/arm-none-eabi/7.3.1/../../../../arm-none-eabi/lib/thumb/v7e-m/fpv4-sp/hard\libnosys.a
END GROUP
LOAD d:/stm32cubeide_1.5.1/stm32cubeide/plugins/com.st.stm32cube.ide.mcu.externaltools.gnu-tools-for-stm32.7-2018-q2-update.win32_1.5.0.202011040924/tools/bin/../lib/gcc/arm-none-eabi/7.3.1/thumb/v7e-m/fpv4-sp/hard/crtend.o
LOAD d:/stm32cubeide_1.5.1/stm32cubeide/plugins/com.st.stm32cube.ide.mcu.externaltools.gnu-tools-for-stm32.7-2018-q2-update.win32_1.5.0.202011040924/tools/bin/../lib/gcc/arm-none-eabi/7.3.1/thumb/v7e-m/fpv4-sp/hard/crtn.o
                0x0000000020020000                _estack = (ORIGIN (RAM) + LENGTH (RAM))
                0x0000000000000200                _Min_Heap_Size = 0x200
                0x0000000000000400                _Min_Stack_Size = 0x400

.isr_vector     0x0000000008000000      0x198
                0x0000000008000000                . = ALIGN (0x4)
 *(.isr_vector)
 .isr_vector    0x0000000008000000      0x198 Core/Startup/startup_stm32f411retx.o
                0x0000000008000000                g_pfnVectors
                0x0000000008000198                . = ALIGN (0x4)

.text           0x0000000008000198      0x4d4
                0x0000000008000198                . = ALIGN (0x4)
 *(.text)
 .text          0x0000000008000198       0x40 d:/stm32cubeide_1.5.1/stm32cubeide/plugins/com.st.stm32cube.ide.mcu.externaltools.gnu-tools-for-stm32.7-2018-q2-update.win32_1.5.0.202011040924/tools/bin/../lib/gcc/arm-none-eabi/7.3.1/thumb/v7e-m/fpv4-sp/hard/crtbegin.o
 *(.text*)
 .text.main     0x00000000080001d8       0x1e Core/Src/main.o
                0x00000000080001d8                main
 *fill*         0x00000000080001f6        0x2 
 .text.SystemClock_Config
                0x00000000080001f8       0xd4 Core/Src/main.o
                0x00000000080001f8                SystemClock_Config
 .text.MX_ADC1_Init
                0x00000000080002cc       0xa8 Core/Src/main.o
 .text.MX_USART2_UART_Init
                0x0000000008000374       0x54 Core/Src/main.o
 .text.MX_GPIO_Init
                0x00000000080003c8       0xe0 Core/Src/main.o
 .text.ADCPollingMethodUpdate
                0x00000000080004a8       0x78 Core/Src/main.o
                0x00000000080004a8                ADCPollingMethodUpdate
 .text.Error_Handler
                0x0000000008000520        0x8 Core/Src/main.o
                0x0000000008000520                Error_Handler
 .text.NMI_Handler
                0x0000000008000528        0x6 Core/Src/stm32f4xx_it.o
                0x0000000008000528                NMI_Handler
 .text.HardFault_Handler
                0x000000000800052e        0x6 Core/Src/stm32f4xx_it.o
                0x000000000800052e                HardFault_Handler
 .text.MemManage_Handler
                0x0000000008000534        0x6 Core/Src/stm32f4xx_it.o
                0x0000000008000534                MemManage_Handler
 .text.BusFault_Handler
                0x000000000800053a        0x6 Core/Src/stm32f4xx_it.o
                0x000000000800053a                BusFault_Handler
 .text.UsageFault_Handler
                0x0000000008000540        0x6 Core/Src/stm32f4xx_it.o
                0x0000000008000540                UsageFault_Handler
 .text.SVC_Handler
                0x0000000008000546        0xe Core/Src/stm32f4xx_it.o
                0x0000000008000546                SVC_Handler
 .text.DebugMon_Handler
                0x0000000008000554        0xe Core/Src/stm32f4xx_it.o
                0x0000000008000554                DebugMon_Handler
 .text.PendSV_Handler
                0x0000000008000562        0xe Core/Src/stm32f4xx_it.o
                0x0000000008000562                PendSV_Handler
 .text.SysTick_Handler
                0x0000000008000570        0xc Core/Src/stm32f4xx_it.o
                0x0000000008000570                SysTick_Handler
 .text.SystemInit
                0x000000000800057c       0x2c Core/Src/system_stm32f4xx.o
                0x000000000800057c                SystemInit
 .text.Reset_Handler
                0x00000000080005a8       0x50 Core/Startup/startup_stm32f411retx.o
                0x00000000080005a8                Reset_Handler
 .text.Default_Handler
                0x00000000080005f8        0x2 Core/Startup/startup_stm32f411retx.o
                0x00000000080005f8                RTC_Alarm_IRQHandler
                0x00000000080005f8                EXTI2_IRQHandler
                0x00000000080005f8                SPI4_IRQHandler
                0x00000000080005f8                TIM1_CC_IRQHandler
                0x00000000080005f8                DMA2_Stream5_IRQHandler
                0x00000000080005f8                DMA1_Stream5_IRQHandler
                0x00000000080005f8                PVD_IRQHandler
                0x00000000080005f8                SDIO_IRQHandler
                0x00000000080005f8                TAMP_STAMP_IRQHandler
                0x00000000080005f8                EXTI3_IRQHandler
                0x00000000080005f8                TIM1_UP_TIM10_IRQHandler
                0x00000000080005f8                I2C3_ER_IRQHandler
                0x00000000080005f8                EXTI0_IRQHandler
                0x00000000080005f8                I2C2_EV_IRQHandler
                0x00000000080005f8                DMA1_Stream2_IRQHandler
                0x00000000080005f8                FPU_IRQHandler
                0x00000000080005f8                DMA2_Stream2_IRQHandler
                0x00000000080005f8                SPI1_IRQHandler
                0x00000000080005f8                TIM1_BRK_TIM9_IRQHandler
                0x00000000080005f8                DMA2_Stream3_IRQHandler
                0x00000000080005f8                USART6_IRQHandler
                0x00000000080005f8                DMA2_Stream0_IRQHandler
                0x00000000080005f8                TIM4_IRQHandler
                0x00000000080005f8                I2C1_EV_IRQHandler
                0x00000000080005f8                DMA1_Stream6_IRQHandler
                0x00000000080005f8                DMA1_Stream1_IRQHandler
                0x00000000080005f8                TIM3_IRQHandler
                0x00000000080005f8                RCC_IRQHandler
                0x00000000080005f8                Default_Handler
                0x00000000080005f8                EXTI15_10_IRQHandler
                0x00000000080005f8                ADC_IRQHandler
                0x00000000080005f8                DMA1_Stream7_IRQHandler
                0x00000000080005f8                SPI5_IRQHandler
                0x00000000080005f8                TIM5_IRQHandler
                0x00000000080005f8                DMA2_Stream7_IRQHandler
                0x00000000080005f8                I2C3_EV_IRQHandler
                0x00000000080005f8                EXTI9_5_IRQHandler
                0x00000000080005f8                RTC_WKUP_IRQHandler
                0x00000000080005f8                SPI2_IRQHandler
                0x00000000080005f8                DMA1_Stream0_IRQHandler
                0x00000000080005f8                EXTI4_IRQHandler
                0x00000000080005f8                WWDG_IRQHandler
                0x00000000080005f8                TIM2_IRQHandler
                0x00000000080005f8                OTG_FS_WKUP_IRQHandler
                0x00000000080005f8                TIM1_TRG_COM_TIM11_IRQHandler
                0x00000000080005f8                EXTI1_IRQHandler
                0x00000000080005f8                USART2_IRQHandler
                0x00000000080005f8                I2C2_ER_IRQHandler
                0x00000000080005f8                DMA2_Stream1_IRQHandler
                0x00000000080005f8                FLASH_IRQHandler
                0x00000000080005f8                DMA2_Stream4_IRQHandler
                0x00000000080005f8                USART1_IRQHandler
                0x00000000080005f8                OTG_FS_IRQHandler
                0x00000000080005f8                SPI3_IRQHandler
                0x00000000080005f8                DMA1_Stream4_IRQHandler
                0x00000000080005f8                I2C1_ER_IRQHandler
                0x00000000080005f8                DMA2_Stream6_IRQHandler
                0x00000000080005f8                DMA1_Stream3_IRQHandler
 *fill*         0x00000000080005fa        0x2 
 .text.__libc_init_array
                0x00000000080005fc       0x48 d:/stm32cubeide_1.5.1/stm32cubeide/plugins/com.st.stm32cube.ide.mcu.externaltools.gnu-tools-for-stm32.7-2018-q2-update.win32_1.5.0.202011040924/tools/bin/../lib/gcc/arm-none-eabi/7.3.1/../../../../arm-none-eabi/lib/thumb/v7e-m/fpv4-sp/hard\libc_nano.a(lib_a-init.o)
                0x00000000080005fc                __libc_init_array
 .text.memset   0x0000000008000644       0x10 d:/stm32cubeide_1.5.1/stm32cubeide/plugins/com.st.stm32cube.ide.mcu.externaltools.gnu-tools-for-stm32.7-2018-q2-update.win32_1.5.0.202011040924/tools/bin/../lib/gcc/arm-none-eabi/7.3.1/../../../../arm-none-eabi/lib/thumb/v7e-m/fpv4-sp/hard\libc_nano.a(lib_a-memset.o)
                0x0000000008000644                memset
 *(.glue_7)
 .glue_7        0x0000000008000654        0x0 linker stubs
 *(.glue_7t)
 .glue_7t       0x0000000008000654        0x0 linker stubs
 *(.eh_frame)
 .eh_frame      0x0000000008000654        0x0 d:/stm32cubeide_1.5.1/stm32cubeide/plugins/com.st.stm32cube.ide.mcu.externaltools.gnu-tools-for-stm32.7-2018-q2-update.win32_1.5.0.202011040924/tools/bin/../lib/gcc/arm-none-eabi/7.3.1/thumb/v7e-m/fpv4-sp/hard/crtbegin.o
 *(.init)
 .init          0x0000000008000654        0x4 d:/stm32cubeide_1.5.1/stm32cubeide/plugins/com.st.stm32cube.ide.mcu.externaltools.gnu-tools-for-stm32.7-2018-q2-update.win32_1.5.0.202011040924/tools/bin/../lib/gcc/arm-none-eabi/7.3.1/thumb/v7e-m/fpv4-sp/hard/crti.o
                0x0000000008000654                _init
 .init          0x0000000008000658        0x8 d:/stm32cubeide_1.5.1/stm32cubeide/plugins/com.st.stm32cube.ide.mcu.externaltools.gnu-tools-for-stm32.7-2018-q2-update.win32_1.5.0.202011040924/tools/bin/../lib/gcc/arm-none-eabi/7.3.1/thumb/v7e-m/fpv4-sp/hard/crtn.o
 *(.fini)
 .fini          0x0000000008000660        0x4 d:/stm32cubeide_1.5.1/stm32cubeide/plugins/com.st.stm32cube.ide.mcu.externaltools.gnu-tools-for-stm32.7-2018-q2-update.win32_1.5.0.202011040924/tools/bin/../lib/gcc/arm-none-eabi/7.3.1/thumb/v7e-m/fpv4-sp/hard/crti.o
                0x0000000008000660                _fini
 .fini          0x0000000008000664        0x8 d:/stm32cubeide_1.5.1/stm32cubeide/plugins/com.st.stm32cube.ide.mcu.externaltools.gnu-tools-for-stm32.7-2018-q2-update.win32_1.5.0.202011040924/tools/bin/../lib/gcc/arm-none-eabi/7.3.1/thumb/v7e-m/fpv4-sp/hard/crtn.o
                0x000000000800066c                . = ALIGN (0x4)
                0x000000000800066c                _etext = .

.vfp11_veneer   0x000000000800066c        0x0
 .vfp11_veneer  0x000000000800066c        0x0 linker stubs

.v4_bx          0x000000000800066c        0x0
 .v4_bx         0x000000000800066c        0x0 linker stubs

.iplt           0x000000000800066c        0x0
 .iplt          0x000000000800066c        0x0 d:/stm32cubeide_1.5.1/stm32cubeide/plugins/com.st.stm32cube.ide.mcu.externaltools.gnu-tools-for-stm32.7-2018-q2-update.win32_1.5.0.202011040924/tools/bin/../lib/gcc/arm-none-eabi/7.3.1/thumb/v7e-m/fpv4-sp/hard/crtbegin.o

.rel.dyn        0x000000000800066c        0x0
 .rel.iplt      0x000000000800066c        0x0 d:/stm32cubeide_1.5.1/stm32cubeide/plugins/com.st.stm32cube.ide.mcu.externaltools.gnu-tools-for-stm32.7-2018-q2-update.win32_1.5.0.202011040924/tools/bin/../lib/gcc/arm-none-eabi/7.3.1/thumb/v7e-m/fpv4-sp/hard/crtbegin.o

.rodata         0x000000000800066c        0x0
                0x000000000800066c                . = ALIGN (0x4)
 *(.rodata)
 *(.rodata*)
                0x000000000800066c                . = ALIGN (0x4)

.ARM.extab      0x000000000800066c        0x0
                0x000000000800066c                . = ALIGN (0x4)
 *(.ARM.extab* .gnu.linkonce.armextab.*)
                0x000000000800066c                . = ALIGN (0x4)

.ARM            0x000000000800066c        0x0
                0x000000000800066c                . = ALIGN (0x4)
                0x000000000800066c                __exidx_start = .
 *(.ARM.exidx*)
                0x000000000800066c                __exidx_end = .
                0x000000000800066c                . = ALIGN (0x4)

.preinit_array  0x000000000800066c        0x0
                0x000000000800066c                . = ALIGN (0x4)
                0x000000000800066c                PROVIDE (__preinit_array_start = .)
 *(.preinit_array*)
                0x000000000800066c                PROVIDE (__preinit_array_end = .)
                0x000000000800066c                . = ALIGN (0x4)

.init_array     0x000000000800066c        0x4
                0x000000000800066c                . = ALIGN (0x4)
                0x000000000800066c                PROVIDE (__init_array_start = .)
 *(SORT_BY_NAME(.init_array.*))
 *(.init_array*)
 .init_array    0x000000000800066c        0x4 d:/stm32cubeide_1.5.1/stm32cubeide/plugins/com.st.stm32cube.ide.mcu.externaltools.gnu-tools-for-stm32.7-2018-q2-update.win32_1.5.0.202011040924/tools/bin/../lib/gcc/arm-none-eabi/7.3.1/thumb/v7e-m/fpv4-sp/hard/crtbegin.o
                0x0000000008000670                PROVIDE (__init_array_end = .)
                0x0000000008000670                . = ALIGN (0x4)

.fini_array     0x0000000008000670        0x4
                0x0000000008000670                . = ALIGN (0x4)
                [!provide]                        PROVIDE (__fini_array_start = .)
 *(SORT_BY_NAME(.fini_array.*))
 *(.fini_array*)
 .fini_array    0x0000000008000670        0x4 d:/stm32cubeide_1.5.1/stm32cubeide/plugins/com.st.stm32cube.ide.mcu.externaltools.gnu-tools-for-stm32.7-2018-q2-update.win32_1.5.0.202011040924/tools/bin/../lib/gcc/arm-none-eabi/7.3.1/thumb/v7e-m/fpv4-sp/hard/crtbegin.o
                [!provide]                        PROVIDE (__fini_array_end = .)
                0x0000000008000674                . = ALIGN (0x4)
                0x0000000008000674                _sidata = LOADADDR (.data)

.data           0x0000000020000000        0x0 load address 0x0000000008000674
                0x0000000020000000                . = ALIGN (0x4)
                0x0000000020000000                _sdata = .
 *(.data)
 *(.data*)
 *(.RamFunc)
 *(.RamFunc*)
                0x0000000020000000                . = ALIGN (0x4)
                0x0000000020000000                _edata = .

.igot.plt       0x0000000020000000        0x0 load address 0x0000000008000674
 .igot.plt      0x0000000020000000        0x0 d:/stm32cubeide_1.5.1/stm32cubeide/plugins/com.st.stm32cube.ide.mcu.externaltools.gnu-tools-for-stm32.7-2018-q2-update.win32_1.5.0.202011040924/tools/bin/../lib/gcc/arm-none-eabi/7.3.1/thumb/v7e-m/fpv4-sp/hard/crtbegin.o
                0x0000000020000000                . = ALIGN (0x4)

.bss            0x0000000020000000       0xe0 load address 0x0000000008000674
                0x0000000020000000                _sbss = .
                0x0000000020000000                __bss_start__ = _sbss
 *(.bss)
 .bss           0x0000000020000000       0x1c d:/stm32cubeide_1.5.1/stm32cubeide/plugins/com.st.stm32cube.ide.mcu.externaltools.gnu-tools-for-stm32.7-2018-q2-update.win32_1.5.0.202011040924/tools/bin/../lib/gcc/arm-none-eabi/7.3.1/thumb/v7e-m/fpv4-sp/hard/crtbegin.o
 *(.bss*)
 .bss.ADCChannel
                0x000000002000001c       0x3c Core/Src/main.o
                0x000000002000001c                ADCChannel
 *(COMMON)
 COMMON         0x0000000020000058       0x88 Core/Src/main.o
                0x0000000020000058                hadc1
                0x00000000200000a0                huart2
                0x00000000200000e0                . = ALIGN (0x4)
                0x00000000200000e0                _ebss = .
                0x00000000200000e0                __bss_end__ = _ebss

._user_heap_stack
                0x00000000200000e0      0x600 load address 0x0000000008000674
                0x00000000200000e0                . = ALIGN (0x8)
                [!provide]                        PROVIDE (end = .)
                0x00000000200000e0                PROVIDE (_end = .)
                0x00000000200002e0                . = (. + _Min_Heap_Size)
 *fill*         0x00000000200000e0      0x200 
                0x00000000200006e0                . = (. + _Min_Stack_Size)
 *fill*         0x00000000200002e0      0x400 
                0x00000000200006e0                . = ALIGN (0x8)

/DISCARD/
 libc.a(*)
 libm.a(*)
 libgcc.a(*)

.ARM.attributes
                0x0000000000000000       0x30
 *(.ARM.attributes)
 .ARM.attributes
                0x0000000000000000       0x22 d:/stm32cubeide_1.5.1/stm32cubeide/plugins/com.st.stm32cube.ide.mcu.externaltools.gnu-tools-for-stm32.7-2018-q2-update.win32_1.5.0.202011040924/tools/bin/../lib/gcc/arm-none-eabi/7.3.1/thumb/v7e-m/fpv4-sp/hard/crti.o
 .ARM.attributes
                0x0000000000000022       0x34 d:/stm32cubeide_1.5.1/stm32cubeide/plugins/com.st.stm32cube.ide.mcu.externaltools.gnu-tools-for-stm32.7-2018-q2-update.win32_1.5.0.202011040924/tools/bin/../lib/gcc/arm-none-eabi/7.3.1/thumb/v7e-m/fpv4-sp/hard/crtbegin.o
 .ARM.attributes
                0x0000000000000056       0x39 Core/Src/main.o
 .ARM.attributes
                0x000000000000008f       0x39 Core/Src/stm32f4xx_it.o
 .ARM.attributes
                0x00000000000000c8       0x39 Core/Src/system_stm32f4xx.o
 .ARM.attributes
                0x0000000000000101       0x21 Core/Startup/startup_stm32f411retx.o
 .ARM.attributes
                0x0000000000000122       0x34 d:/stm32cubeide_1.5.1/stm32cubeide/plugins/com.st.stm32cube.ide.mcu.externaltools.gnu-tools-for-stm32.7-2018-q2-update.win32_1.5.0.202011040924/tools/bin/../lib/gcc/arm-none-eabi/7.3.1/../../../../arm-none-eabi/lib/thumb/v7e-m/fpv4-sp/hard\libc_nano.a(lib_a-init.o)
 .ARM.attributes
                0x0000000000000156       0x34 d:/stm32cubeide_1.5.1/stm32cubeide/plugins/com.st.stm32cube.ide.mcu.externaltools.gnu-tools-for-stm32.7-2018-q2-update.win32_1.5.0.202011040924/tools/bin/../lib/gcc/arm-none-eabi/7.3.1/../../../../arm-none-eabi/lib/thumb/v7e-m/fpv4-sp/hard\libc_nano.a(lib_a-memset.o)
 .ARM.attributes
                0x000000000000018a       0x22 d:/stm32cubeide_1.5.1/stm32cubeide/plugins/com.st.stm32cube.ide.mcu.externaltools.gnu-tools-for-stm32.7-2018-q2-update.win32_1.5.0.202011040924/tools/bin/../lib/gcc/arm-none-eabi/7.3.1/thumb/v7e-m/fpv4-sp/hard/crtn.o
OUTPUT(Week_3.elf elf32-littlearm)

.debug_info     0x0000000000000000     0x165c
 .debug_info    0x0000000000000000      0xeb2 Core/Src/main.o
 .debug_info    0x0000000000000eb2      0x20a Core/Src/stm32f4xx_it.o
 .debug_info    0x00000000000010bc      0x57e Core/Src/system_stm32f4xx.o
 .debug_info    0x000000000000163a       0x22 Core/Startup/startup_stm32f411retx.o

.debug_abbrev   0x0000000000000000      0x445
 .debug_abbrev  0x0000000000000000      0x242 Core/Src/main.o
 .debug_abbrev  0x0000000000000242       0xc6 Core/Src/stm32f4xx_it.o
 .debug_abbrev  0x0000000000000308      0x12b Core/Src/system_stm32f4xx.o
 .debug_abbrev  0x0000000000000433       0x12 Core/Startup/startup_stm32f411retx.o

.debug_aranges  0x0000000000000000      0x108
 .debug_aranges
                0x0000000000000000       0x58 Core/Src/main.o
 .debug_aranges
                0x0000000000000058       0x60 Core/Src/stm32f4xx_it.o
 .debug_aranges
                0x00000000000000b8       0x28 Core/Src/system_stm32f4xx.o
 .debug_aranges
                0x00000000000000e0       0x28 Core/Startup/startup_stm32f411retx.o

.debug_ranges   0x0000000000000000       0xd0
 .debug_ranges  0x0000000000000000       0x48 Core/Src/main.o
 .debug_ranges  0x0000000000000048       0x50 Core/Src/stm32f4xx_it.o
 .debug_ranges  0x0000000000000098       0x18 Core/Src/system_stm32f4xx.o
 .debug_ranges  0x00000000000000b0       0x20 Core/Startup/startup_stm32f411retx.o

.debug_macro    0x0000000000000000    0x1423f
 .debug_macro   0x0000000000000000      0x1e2 Core/Src/main.o
 .debug_macro   0x00000000000001e2      0xa5a Core/Src/main.o
 .debug_macro   0x0000000000000c3c      0x294 Core/Src/main.o
 .debug_macro   0x0000000000000ed0       0x2e Core/Src/main.o
 .debug_macro   0x0000000000000efe       0x28 Core/Src/main.o
 .debug_macro   0x0000000000000f26       0x22 Core/Src/main.o
 .debug_macro   0x0000000000000f48       0x8e Core/Src/main.o
 .debug_macro   0x0000000000000fd6       0x51 Core/Src/main.o
 .debug_macro   0x0000000000001027       0xef Core/Src/main.o
 .debug_macro   0x0000000000001116       0x6a Core/Src/main.o
 .debug_macro   0x0000000000001180      0x1df Core/Src/main.o
 .debug_macro   0x000000000000135f       0x1c Core/Src/main.o
 .debug_macro   0x000000000000137b       0x22 Core/Src/main.o
 .debug_macro   0x000000000000139d       0xdf Core/Src/main.o
 .debug_macro   0x000000000000147c     0x102d Core/Src/main.o
 .debug_macro   0x00000000000024a9      0x11f Core/Src/main.o
 .debug_macro   0x00000000000025c8     0xb937 Core/Src/main.o
 .debug_macro   0x000000000000deff       0x43 Core/Src/main.o
 .debug_macro   0x000000000000df42     0x3659 Core/Src/main.o
 .debug_macro   0x000000000001159b      0x174 Core/Src/main.o
 .debug_macro   0x000000000001170f       0x5a Core/Src/main.o
 .debug_macro   0x0000000000011769      0x447 Core/Src/main.o
 .debug_macro   0x0000000000011bb0      0x9fe Core/Src/main.o
 .debug_macro   0x00000000000125ae      0x117 Core/Src/main.o
 .debug_macro   0x00000000000126c5      0x11b Core/Src/main.o
 .debug_macro   0x00000000000127e0       0x27 Core/Src/main.o
 .debug_macro   0x0000000000012807      0x15f Core/Src/main.o
 .debug_macro   0x0000000000012966      0x287 Core/Src/main.o
 .debug_macro   0x0000000000012bed       0x5f Core/Src/main.o
 .debug_macro   0x0000000000012c4c      0x236 Core/Src/main.o
 .debug_macro   0x0000000000012e82      0x391 Core/Src/main.o
 .debug_macro   0x0000000000013213      0x17d Core/Src/main.o
 .debug_macro   0x0000000000013390       0xf9 Core/Src/main.o
 .debug_macro   0x0000000000013489      0x132 Core/Src/main.o
 .debug_macro   0x00000000000135bb      0x264 Core/Src/main.o
 .debug_macro   0x000000000001381f       0x2e Core/Src/main.o
 .debug_macro   0x000000000001384d      0x11a Core/Src/main.o
 .debug_macro   0x0000000000013967       0x85 Core/Src/main.o
 .debug_macro   0x00000000000139ec       0x89 Core/Src/main.o
 .debug_macro   0x0000000000013a75      0x287 Core/Src/main.o
 .debug_macro   0x0000000000013cfc      0x126 Core/Src/main.o
 .debug_macro   0x0000000000013e22       0x58 Core/Src/main.o
 .debug_macro   0x0000000000013e7a      0x1ec Core/Src/stm32f4xx_it.o
 .debug_macro   0x0000000000014066      0x1d9 Core/Src/system_stm32f4xx.o

.debug_line     0x0000000000000000     0x18fd
 .debug_line    0x0000000000000000      0x883 Core/Src/main.o
 .debug_line    0x0000000000000883      0x841 Core/Src/stm32f4xx_it.o
 .debug_line    0x00000000000010c4      0x7b4 Core/Src/system_stm32f4xx.o
 .debug_line    0x0000000000001878       0x85 Core/Startup/startup_stm32f411retx.o

.debug_str      0x0000000000000000    0x8406d
 .debug_str     0x0000000000000000    0x83eb6 Core/Src/main.o
                                      0x841c2 (size before relaxing)
 .debug_str     0x0000000000083eb6       0xbd Core/Src/stm32f4xx_it.o
                                      0x83906 (size before relaxing)
 .debug_str     0x0000000000083f73       0xc4 Core/Src/system_stm32f4xx.o
                                      0x838eb (size before relaxing)
 .debug_str     0x0000000000084037       0x36 Core/Startup/startup_stm32f411retx.o
                                         0x4d (size before relaxing)

.comment        0x0000000000000000       0x7b
 .comment       0x0000000000000000       0x7b Core/Src/main.o
                                         0x7c (size before relaxing)
 .comment       0x000000000000007b       0x7c Core/Src/stm32f4xx_it.o
 .comment       0x000000000000007b       0x7c Core/Src/system_stm32f4xx.o

.debug_frame    0x0000000000000000      0x2b8
 .debug_frame   0x0000000000000000      0x110 Core/Src/main.o
 .debug_frame   0x0000000000000110      0x104 Core/Src/stm32f4xx_it.o
 .debug_frame   0x0000000000000214       0x58 Core/Src/system_stm32f4xx.o
 .debug_frame   0x000000000000026c       0x2c d:/stm32cubeide_1.5.1/stm32cubeide/plugins/com.st.stm32cube.ide.mcu.externaltools.gnu-tools-for-stm32.7-2018-q2-update.win32_1.5.0.202011040924/tools/bin/../lib/gcc/arm-none-eabi/7.3.1/../../../../arm-none-eabi/lib/thumb/v7e-m/fpv4-sp/hard\libc_nano.a(lib_a-init.o)
 .debug_frame   0x0000000000000298       0x20 d:/stm32cubeide_1.5.1/stm32cubeide/plugins/com.st.stm32cube.ide.mcu.externaltools.gnu-tools-for-stm32.7-2018-q2-update.win32_1.5.0.202011040924/tools/bin/../lib/gcc/arm-none-eabi/7.3.1/../../../../arm-none-eabi/lib/thumb/v7e-m/fpv4-sp/hard\libc_nano.a(lib_a-memset.o)
